// Jest Snapshot v1, https://goo.gl/fbAQLP

exports[`renders correctly 1`] = `
<View
  style={
    Object {
      "alignItems": "center",
      "backgroundColor": "#fff",
      "flex": 1,
    }
  }
>
  <Text
    style={
      Object {
        "color": "#B62A17",
        "fontSize": 36,
        "fontWeight": "300",
        "marginBottom": 30,
        "marginTop": 60,
      }
    }
  >
    Daily
  </Text>
  <View
    style={
      Object {
        "backgroundColor": "#E4E4E4",
        "flex": 1,
        "marginBottom": 10,
        "padding": 20,
        "width": 730,
      }
    }
  >
    <View>
      <Text>
        List Title
      </Text>
      <View>
        <Text>
          Checkbox
        </Text>
        <Text>
          List Title
        </Text>
      </View>
      <TextInput
        allowFontScaling={true}
        placeholder="Add an item!"
        style={
          Object {
            "borderBottomColor": "#bbb",
            "borderBottomWidth": 1,
            "fontSize": 24,
            "padding": 20,
          }
        }
        underlineColorAndroid="transparent"
      />
    </View>
  </View>
</View>
`;
